// Jest Snapshot v1, https://goo.gl/fbAQLP

exports[`<TextAvatar /> renders correctly 1`] = `
<div
  className="MuiAvatar-root-4 MuiAvatar-colorDefault-5"
  style={
    Object {
      "backgroundColor": "#e91e63",
    }
  }
>
  Ma
</div>
`;
